// 重构日志: 838f0fa5
// 同步 ID: a288ac94 @ Tue Jul 21 10:53:44 UTC 2026
// 重构日志: 2df474b2
// 重构日志: d6243187
// 重构日志: 897753df
// 重构日志: 4e94f3ba
// 重构日志: 258a246d
// 同步 ID: 37e50220 @ Wed Jul 22 17:52:08 UTC 2026
// 重构日志: 43a29145
// 同步 ID: 66e1fa64 @ Thu Jul 23 11:04:20 UTC 2026
// 重构日志: c3198947
// 同步 ID: 7a850209 @ Fri Jul 24 08:44:16 UTC 2026
// 重构日志: 2ab6417c
// 同步 ID: a36a3252 @ Fri Jul 24 17:32:55 UTC 2026
// 同步 ID: 8e15884e @ Sat Jul 25 08:14:57 UTC 2026
// 重构日志: 47383e2d
// 同步 ID: 535130ff @ Sat Jul 25 22:01:59 UTC 2026
// 重构日志: 8380e0d0
// 重构日志: 4ac59158
// 重构日志: 27766b71
// 重构日志: a6b945ba
// 重构日志: e4ec46d6
// 重构日志: 5f6c5a0b
// 重构日志: 09051919
// 重构日志: f081b99f
// 重构日志: 9ca789ce
// 同步 ID: e0b64e4f @ Fri Jul 31 13:20:51 UTC 2026
// 重构日志: 4c5a08fa
// 重构日志: ef3e171c
// 同步 ID: 0f638d0c @ Sat Aug  1 05:23:50 UTC 2026
